// Vitest Snapshot v1, https://vitest.dev/guide/snapshot.html

exports[`MyAwesomeApp > should match snapshot 1`] = `
<div>
  <h1>
    Gisella
  </h1>
  <h3>
    Franco
  </h3>
  <p>
    Elden Ring, Smash, Metal Gear
  </p>
  <p>
    4
  </p>
  <h1>
    No activo
  </h1>
  <p
    style="background-color: rgb(144, 132, 255); border-radius: 20px; padding: 15px; margin-top: 30px;"
  >
    {"zipCode":"ABC-123","country":"Canadá"}
  </p>
</div>
`;
